// Jest Snapshot v1, https://goo.gl/fbAQLP

exports[`pruebas de componente Test Component 1`] = `
<div
  className="card animate__animated animate__fadeIn"
>
  <img
    alt="dad"
    src="dadad"
  />
  <p>
     
    dad
     
  </p>
</div>
`;
